[INFO] 短线监控池: TSLL
[ERROR] reqId=-1, code=2104, msg=市场数据场连接正常:usbond
[ERROR] reqId=-1, code=2104, msg=市场数据场连接正常:usfarm
[ERROR] reqId=-1, code=2106, msg=历史市场数据场连接正常:ushmds
[ERROR] reqId=-1, code=2158, msg=Sec-def数据场连接正常:secdefil

===== 控制台预览 =====
持仓简报
📈 **TSLL** 未实现盈亏：$4,552.60 (+11.35%)
- 均价：$12.23
- 成本基础：$40,121.00


**💰 总成本基础：$40,121.00**

**📊 总未实现盈亏：$4,552.60 (+11.35%)**

当前纳入监控的持仓:
TSLL | 数量=3280.0 | 市价=13.6300001 | 未实现盈亏=4552.5955560000075
[INFO] PushPlus 返回: {"code":200,"msg":"执行成功","data":"177a4910dec448a8815d359a43397ded"}
[ERROR] reqId=-1, code=2104, msg=市场数据场连接正常:usbond
[ERROR] reqId=-1, code=2104, msg=市场数据场连接正常:usfarm
[ERROR] reqId=-1, code=2106, msg=历史市场数据场连接正常:ushmds
[ERROR] reqId=-1, code=2158, msg=Sec-def数据场连接正常:secdefil

[持仓简报] 持仓简报
📈 **TSLL** 未实现盈亏：$4,519.80 (+11.27%)
- 均价：$12.23
- 成本基础：$40,121.00


**💰 总成本基础：$40,121.00**

**📊 总未实现盈亏：$4,519.80 (+11.27%)**
[ERROR] reqId=-1, code=2104, msg=市场数据场连接正常:usbond
[ERROR] reqId=-1, code=2104, msg=市场数据场连接正常:usfarm
[ERROR] reqId=-1, code=2106, msg=历史市场数据场连接正常:ushmds
[ERROR] reqId=-1, code=2158, msg=Sec-def数据场连接正常:secdefil

[持仓简报] 持仓简报
📈 **TSLL** 未实现盈亏：$4,519.80 (+11.27%)
- 均价：$12.23
- 成本基础：$40,121.00


**💰 总成本基础：$40,121.00**

**📊 总未实现盈亏：$4,519.80 (+11.27%)**
[ERROR] reqId=-1, code=2100, msg=API客户端已退订账户数据。
